[22-Oct-2025 06:47:58 Europe/Berlin] PHP Warning:  include_once(C:\Users\Samuel\Documents\GitHub\filing-system\api\unit_pengolah../../config/database.php): Failed to open stream: No such file or directory in C:\Users\Samuel\Documents\GitHub\filing-system\api\unit_pengolah\add_unit_pengolah.php on line 9
[22-Oct-2025 06:47:58 Europe/Berlin] PHP Warning:  include_once(): Failed opening 'C:\Users\Samuel\Documents\GitHub\filing-system\api\unit_pengolah../../config/database.php' for inclusion (include_path='C:\xampp\php\PEAR') in C:\Users\Samuel\Documents\GitHub\filing-system\api\unit_pengolah\add_unit_pengolah.php on line 9
[22-Oct-2025 06:47:58 Europe/Berlin] PHP Warning:  include_once(C:\Users\Samuel\Documents\GitHub\filing-system\api\unit_pengolah../../config/session.php): Failed to open stream: No such file or directory in C:\Users\Samuel\Documents\GitHub\filing-system\api\unit_pengolah\add_unit_pengolah.php on line 10
[22-Oct-2025 06:47:58 Europe/Berlin] PHP Warning:  include_once(): Failed opening 'C:\Users\Samuel\Documents\GitHub\filing-system\api\unit_pengolah../../config/session.php' for inclusion (include_path='C:\xampp\php\PEAR') in C:\Users\Samuel\Documents\GitHub\filing-system\api\unit_pengolah\add_unit_pengolah.php on line 10
[22-Oct-2025 06:47:58 Europe/Berlin] PHP Warning:  Undefined variable $conn in C:\Users\Samuel\Documents\GitHub\filing-system\api\unit_pengolah\add_unit_pengolah.php on line 36
[22-Oct-2025 06:47:58 Europe/Berlin] PHP Fatal error:  Uncaught Error: Call to a member function prepare() on null in C:\Users\Samuel\Documents\GitHub\filing-system\api\unit_pengolah\add_unit_pengolah.php:36
Stack trace:
#0 {main}
  thrown in C:\Users\Samuel\Documents\GitHub\filing-system\api\unit_pengolah\add_unit_pengolah.php on line 36
[22-Oct-2025 06:48:53 Europe/Berlin] PHP Warning:  include_once(C:\Users\Samuel\Documents\GitHub\filing-system\api\unit_pengolah../../config/database.php): Failed to open stream: No such file or directory in C:\Users\Samuel\Documents\GitHub\filing-system\api\unit_pengolah\add_unit_pengolah.php on line 9
[22-Oct-2025 06:48:53 Europe/Berlin] PHP Warning:  include_once(): Failed opening 'C:\Users\Samuel\Documents\GitHub\filing-system\api\unit_pengolah../../config/database.php' for inclusion (include_path='C:\xampp\php\PEAR') in C:\Users\Samuel\Documents\GitHub\filing-system\api\unit_pengolah\add_unit_pengolah.php on line 9
[22-Oct-2025 06:48:53 Europe/Berlin] PHP Warning:  include_once(C:\Users\Samuel\Documents\GitHub\filing-system\api\unit_pengolah../../config/session.php): Failed to open stream: No such file or directory in C:\Users\Samuel\Documents\GitHub\filing-system\api\unit_pengolah\add_unit_pengolah.php on line 10
[22-Oct-2025 06:48:53 Europe/Berlin] PHP Warning:  include_once(): Failed opening 'C:\Users\Samuel\Documents\GitHub\filing-system\api\unit_pengolah../../config/session.php' for inclusion (include_path='C:\xampp\php\PEAR') in C:\Users\Samuel\Documents\GitHub\filing-system\api\unit_pengolah\add_unit_pengolah.php on line 10
[22-Oct-2025 06:48:53 Europe/Berlin] PHP Warning:  Undefined variable $conn in C:\Users\Samuel\Documents\GitHub\filing-system\api\unit_pengolah\add_unit_pengolah.php on line 36
[22-Oct-2025 06:48:53 Europe/Berlin] PHP Fatal error:  Uncaught Error: Call to a member function prepare() on null in C:\Users\Samuel\Documents\GitHub\filing-system\api\unit_pengolah\add_unit_pengolah.php:36
Stack trace:
#0 {main}
  thrown in C:\Users\Samuel\Documents\GitHub\filing-system\api\unit_pengolah\add_unit_pengolah.php on line 36
[22-Oct-2025 06:49:04 Europe/Berlin] PHP Warning:  include_once(C:\Users\Samuel\Documents\GitHub\filing-system\api\unit_pengolah../../config/database.php): Failed to open stream: No such file or directory in C:\Users\Samuel\Documents\GitHub\filing-system\api\unit_pengolah\add_unit_pengolah.php on line 9
[22-Oct-2025 06:49:04 Europe/Berlin] PHP Warning:  include_once(): Failed opening 'C:\Users\Samuel\Documents\GitHub\filing-system\api\unit_pengolah../../config/database.php' for inclusion (include_path='C:\xampp\php\PEAR') in C:\Users\Samuel\Documents\GitHub\filing-system\api\unit_pengolah\add_unit_pengolah.php on line 9
[22-Oct-2025 06:49:04 Europe/Berlin] PHP Warning:  include_once(C:\Users\Samuel\Documents\GitHub\filing-system\api\unit_pengolah../../config/session.php): Failed to open stream: No such file or directory in C:\Users\Samuel\Documents\GitHub\filing-system\api\unit_pengolah\add_unit_pengolah.php on line 10
[22-Oct-2025 06:49:04 Europe/Berlin] PHP Warning:  include_once(): Failed opening 'C:\Users\Samuel\Documents\GitHub\filing-system\api\unit_pengolah../../config/session.php' for inclusion (include_path='C:\xampp\php\PEAR') in C:\Users\Samuel\Documents\GitHub\filing-system\api\unit_pengolah\add_unit_pengolah.php on line 10
[22-Oct-2025 06:49:04 Europe/Berlin] PHP Warning:  Undefined variable $conn in C:\Users\Samuel\Documents\GitHub\filing-system\api\unit_pengolah\add_unit_pengolah.php on line 36
[22-Oct-2025 06:49:04 Europe/Berlin] PHP Fatal error:  Uncaught Error: Call to a member function prepare() on null in C:\Users\Samuel\Documents\GitHub\filing-system\api\unit_pengolah\add_unit_pengolah.php:36
Stack trace:
#0 {main}
  thrown in C:\Users\Samuel\Documents\GitHub\filing-system\api\unit_pengolah\add_unit_pengolah.php on line 36
[22-Oct-2025 06:51:14 Europe/Berlin] PHP Warning:  include_once(C:\Users\Samuel\Documents\GitHub\filing-system\api\unit_pengolah./../config/database.php): Failed to open stream: Permission denied in C:\Users\Samuel\Documents\GitHub\filing-system\api\unit_pengolah\add_unit_pengolah.php on line 9
[22-Oct-2025 06:51:14 Europe/Berlin] PHP Warning:  include_once(): Failed opening 'C:\Users\Samuel\Documents\GitHub\filing-system\api\unit_pengolah./../config/database.php' for inclusion (include_path='C:\xampp\php\PEAR') in C:\Users\Samuel\Documents\GitHub\filing-system\api\unit_pengolah\add_unit_pengolah.php on line 9
[22-Oct-2025 06:51:14 Europe/Berlin] PHP Warning:  include_once(C:\Users\Samuel\Documents\GitHub\filing-system\api\unit_pengolah./../config/session.php): Failed to open stream: Permission denied in C:\Users\Samuel\Documents\GitHub\filing-system\api\unit_pengolah\add_unit_pengolah.php on line 10
[22-Oct-2025 06:51:14 Europe/Berlin] PHP Warning:  include_once(): Failed opening 'C:\Users\Samuel\Documents\GitHub\filing-system\api\unit_pengolah./../config/session.php' for inclusion (include_path='C:\xampp\php\PEAR') in C:\Users\Samuel\Documents\GitHub\filing-system\api\unit_pengolah\add_unit_pengolah.php on line 10
[22-Oct-2025 06:51:14 Europe/Berlin] PHP Warning:  Undefined variable $conn in C:\Users\Samuel\Documents\GitHub\filing-system\api\unit_pengolah\add_unit_pengolah.php on line 36
[22-Oct-2025 06:51:14 Europe/Berlin] PHP Fatal error:  Uncaught Error: Call to a member function prepare() on null in C:\Users\Samuel\Documents\GitHub\filing-system\api\unit_pengolah\add_unit_pengolah.php:36
Stack trace:
#0 {main}
  thrown in C:\Users\Samuel\Documents\GitHub\filing-system\api\unit_pengolah\add_unit_pengolah.php on line 36
[22-Oct-2025 06:51:45 Europe/Berlin] PHP Warning:  include_once(C:\Users\Samuel\Documents\GitHub\filing-system\api\unit_pengolah/../config/database.php): Failed to open stream: No such file or directory in C:\Users\Samuel\Documents\GitHub\filing-system\api\unit_pengolah\add_unit_pengolah.php on line 9
[22-Oct-2025 06:51:45 Europe/Berlin] PHP Warning:  include_once(): Failed opening 'C:\Users\Samuel\Documents\GitHub\filing-system\api\unit_pengolah/../config/database.php' for inclusion (include_path='C:\xampp\php\PEAR') in C:\Users\Samuel\Documents\GitHub\filing-system\api\unit_pengolah\add_unit_pengolah.php on line 9
[22-Oct-2025 06:51:45 Europe/Berlin] PHP Warning:  include_once(C:\Users\Samuel\Documents\GitHub\filing-system\api\unit_pengolah/../config/session.php): Failed to open stream: No such file or directory in C:\Users\Samuel\Documents\GitHub\filing-system\api\unit_pengolah\add_unit_pengolah.php on line 10
[22-Oct-2025 06:51:45 Europe/Berlin] PHP Warning:  include_once(): Failed opening 'C:\Users\Samuel\Documents\GitHub\filing-system\api\unit_pengolah/../config/session.php' for inclusion (include_path='C:\xampp\php\PEAR') in C:\Users\Samuel\Documents\GitHub\filing-system\api\unit_pengolah\add_unit_pengolah.php on line 10
[22-Oct-2025 06:51:45 Europe/Berlin] PHP Warning:  Undefined variable $conn in C:\Users\Samuel\Documents\GitHub\filing-system\api\unit_pengolah\add_unit_pengolah.php on line 36
[22-Oct-2025 06:51:45 Europe/Berlin] PHP Fatal error:  Uncaught Error: Call to a member function prepare() on null in C:\Users\Samuel\Documents\GitHub\filing-system\api\unit_pengolah\add_unit_pengolah.php:36
Stack trace:
#0 {main}
  thrown in C:\Users\Samuel\Documents\GitHub\filing-system\api\unit_pengolah\add_unit_pengolah.php on line 36
